DEBUG:root:Application started
DEBUG:root:Application started
INFO:root:Config_path : C:\GIT\Enterprise-Data-Platform\config
INFO:root:File_path : C:\GIT\Enterprise-Data-Platform\data\input
2026-07-31 17:18:53,268 | INFO | Config_path : C:\GIT\Enterprise-Data-Platform\config
2026-07-31 17:18:53,268 | INFO | File_path : C:\GIT\Enterprise-Data-Platform\data\input
2026-07-31 17:21:45,451 | INFO | Config_path : C:\GIT\Enterprise-Data-Platform\config
2026-07-31 17:21:45,451 | INFO | File_path : C:\GIT\Enterprise-Data-Platform\data\input
2026-07-31 17:21:45,452 | INFO | using pandas to read the csv file
2026-07-31 17:22:05,230 | INFO | Config_path : C:\GIT\Enterprise-Data-Platform\config
2026-07-31 17:22:05,230 | INFO | File_path : C:\GIT\Enterprise-Data-Platform\data\input
2026-07-31 17:22:05,234 | INFO | using pandas to read the csv file
2026-07-31 17:23:11,285 | INFO | Config_path : C:\GIT\Enterprise-Data-Platform\config
2026-07-31 17:23:11,285 | INFO | File_path : C:\GIT\Enterprise-Data-Platform\data\input
2026-07-31 17:23:11,286 | INFO | using pandas to read the csv file
2026-07-31 17:23:19,608 | INFO | Config_path : C:\GIT\Enterprise-Data-Platform\config
2026-07-31 17:23:19,608 | INFO | File_path : C:\GIT\Enterprise-Data-Platform\data\input
2026-07-31 17:23:19,608 | INFO | using pandas to read the csv file
2026-07-31 17:23:32,482 | INFO | Config_path : C:\GIT\Enterprise-Data-Platform\config
2026-07-31 17:23:32,482 | INFO | File_path : C:\GIT\Enterprise-Data-Platform\data\input
2026-07-31 17:23:32,482 | INFO | using pandas to read the csv file
2026-07-31 17:23:32,484 | INFO |     employee_id first_name last_name                      email         phone   department salary joining_date
0        1001.0     Satish     Ryali   satish.ryali@example.com  9.876543e+09  Engineering  75000   2024-01-15
1        1002.0      Alice   Johnson  alice.johnson@example.com  9.876500e+09           HR  60000   2023-11-01
2        1002.0      Alice   Johnson      alice.dup@example.com  9.876500e+09           HR  60000   2023-11-01
3        1003.0     Ravi      Kumar     ravi.kumar@example.com   9.876500e+09     Finance   55000   2022-09-10
4        1004.0     sUrEsH     rEdDy   suresh.reddy@example.com  9.876500e+09        sales  52000   2021-07-12
5        1005.0      Priya    Sharma             priyagmail.com  9.876500e+09    Marketing  65000   2023-05-08
6        1006.0      Kiran      Naik         kiran @example.com  9.876500e+09           IT  70000   2023-08-20
7        1007.0       Anil     Patel     anil.patel@example.com  9.876500e+09      Support  -1000   2022-06-11
8        1008.0      Meena       Das      meena.das@example.com  9.876500e+09        Admin    abc   2022-03-21
9        1009.0       John      Paul      john.paul@example.com  9.876500e+09  Engineering  80000   21-03-2022
10       1010.0       Sara       Ali       sara.ali@example.com  9.876500e+09  Engineering  72000   2024-02-30
11       1011.0        NaN     Verma          verma@example.com  9.876500e+09           HR  51000   2022-04-10
12       1012.0     Deepak     Singh   deepak.singh@example.com  9.876500e+09          NaN  68000   2021-10-18
13          NaN        NaN       NaN                        NaN           NaN          NaN    NaN          NaN
14       1001.0     Satish     Ryali   satish.ryali@example.com  9.876543e+09  Engineering  75000   2024-01-15
15       1013.0      Latha     Rao      latha.rao@example.com    9.876500e+09         QA    58000   2020-12-31
16       1014.0      Arjun      Nair     arjun.nair@example.com  9.876500e+09  Engineering    NaN   2022-08-01
17       1015.0       Neha    Kapoor                        NaN  9.876500e+09      Finance  64000   2022-01-01
18       1016.0     Vikram     Joshi   vikram.joshi@example.com  9.876500e+09   Operations  61000   2023-12-12
19       1017.0      Pooja      Iyer                     pooja@  9.876500e+09    Marketing  63000   2024-05-05
2026-07-31 17:25:57,182 | INFO | Config_path : C:\GIT\Enterprise-Data-Platform\config
2026-07-31 17:25:57,182 | INFO | File_path : C:\GIT\Enterprise-Data-Platform\data\input
2026-07-31 17:25:57,183 | INFO | using pandas to read the csv file
2026-07-31 17:25:57,185 | INFO |     employee_id first_name last_name                      email         phone   department salary joining_date
0        1001.0     Satish     Ryali   satish.ryali@example.com  9.876543e+09  Engineering  75000   2024-01-15
1        1002.0      Alice   Johnson  alice.johnson@example.com  9.876500e+09           HR  60000   2023-11-01
2        1002.0      Alice   Johnson      alice.dup@example.com  9.876500e+09           HR  60000   2023-11-01
3        1003.0     Ravi      Kumar     ravi.kumar@example.com   9.876500e+09     Finance   55000   2022-09-10
4        1004.0     sUrEsH     rEdDy   suresh.reddy@example.com  9.876500e+09        sales  52000   2021-07-12
5        1005.0      Priya    Sharma             priyagmail.com  9.876500e+09    Marketing  65000   2023-05-08
6        1006.0      Kiran      Naik         kiran @example.com  9.876500e+09           IT  70000   2023-08-20
7        1007.0       Anil     Patel     anil.patel@example.com  9.876500e+09      Support  -1000   2022-06-11
8        1008.0      Meena       Das      meena.das@example.com  9.876500e+09        Admin    abc   2022-03-21
9        1009.0       John      Paul      john.paul@example.com  9.876500e+09  Engineering  80000   21-03-2022
10       1010.0       Sara       Ali       sara.ali@example.com  9.876500e+09  Engineering  72000   2024-02-30
11       1011.0        NaN     Verma          verma@example.com  9.876500e+09           HR  51000   2022-04-10
12       1012.0     Deepak     Singh   deepak.singh@example.com  9.876500e+09          NaN  68000   2021-10-18
13          NaN        NaN       NaN                        NaN           NaN          NaN    NaN          NaN
14       1001.0     Satish     Ryali   satish.ryali@example.com  9.876543e+09  Engineering  75000   2024-01-15
15       1013.0      Latha     Rao      latha.rao@example.com    9.876500e+09         QA    58000   2020-12-31
16       1014.0      Arjun      Nair     arjun.nair@example.com  9.876500e+09  Engineering    NaN   2022-08-01
17       1015.0       Neha    Kapoor                        NaN  9.876500e+09      Finance  64000   2022-01-01
18       1016.0     Vikram     Joshi   vikram.joshi@example.com  9.876500e+09   Operations  61000   2023-12-12
19       1017.0      Pooja      Iyer                     pooja@  9.876500e+09    Marketing  63000   2024-05-05
